preset {"id":"cinematic","version":1,"targetDuration":0,"lengthBias":1,"reducedMotion":false,"aggregateAbove":900} seed "gitdance"

BurntSushi-ripgrep: reading 0.3 MB... 2,287 commits in 0.2s
  graph...   threads...   activity...   clock...   layout...   events...   camera...   done
  compiled in 0.3s: 604 nodes, 610 edges, 2 min
  wrote 0.3 MB (2.2 MB raw, 0.1 MB of it geometry) in 0.8s
  verified in 0.2s: plan hash ae64c13db5c4e478, 28,650 points identical
rust-lang-mdBook: reading 0.4 MB... 3,293 commits in 0.2s
  graph...   threads...   activity...   clock...   layout...   events...   camera...   done
  compiled in 0.4s: 1,220 nodes, 1,653 edges, 3 min
  wrote 0.7 MB (4.3 MB raw, 0.6 MB of it geometry) in 1.5s
  verified in 0.2s: plan hash ff87e8ca13bffa33, 160,378 points identical
facebook-react: reading 2.6 MB... 21,678 commits in 1.2s
  graph...   threads...   activity...   clock...   layout...   events...   camera...   done
  compiled in 1.6s: 4,204 nodes, 5,798 edges, 9 min
  wrote 3.1 MB (16.2 MB raw, 3.3 MB of it geometry) in 3.2s
  verified in 0.5s: plan hash a2e2e387f192698a, 821,020 points identical
nodejs-node: reading 5.8 MB... 48,272 commits in 2.0s
  graph...   threads...   activity...   clock...   layout...   events...   camera...   done
  compiled in 1.1s: 1,013 nodes, 1,328 edges, 2 min
  wrote 1.8 MB (7.0 MB raw, 0.7 MB of it geometry) in 1.0s
  verified in 0.5s: plan hash 6b12a71213619cb5, 178,342 points identical
python-cpython: reading 17.4 MB... 133,027 commits in 6.2s
  graph...   threads...   activity...   clock...   layout...   events...   camera...   done
  compiled in 8.5s: 24,421 nodes, 36,685 edges, 35 min
  wrote 14.7 MB (98.6 MB raw, 30.8 MB of it geometry) in 13.5s
  verified in 3.3s: plan hash 2a0c1b74caf5f5b3, 7,694,118 points identical
kubernetes-kubernetes: reading 18.3 MB... 140,858 commits in 5.4s
  graph...   threads...   activity...   clock...   layout...   events...   camera...   done
  compiled in 136.5s: 125,973 nodes, 182,199 edges, 35 min
  wrote 87.9 MB (437.0 MB raw, 167.9 MB of it geometry) in 51.2s
  verified in 13.4s: plan hash a517c17370ef5b56, 41,979,868 points identical
microsoft-vscode: reading 19.2 MB... 164,682 commits in 5.7s
  graph...   threads...   activity...   clock...   layout...   events...   camera...   done
  compiled in 16.6s: 44,400 nodes, 59,688 edges, 35 min
  wrote 27.2 MB (156.0 MB raw, 37.6 MB of it geometry) in 24.3s
  verified in 6.9s: plan hash 33af2ed2eb6e0d3d, 9,400,618 points identical
tensorflow-tensorflow: reading 25.7 MB... 198,583 commits in 8.8s
  graph...   threads...   activity...   clock...   layout...   events...   camera...   done
  compiled in 23.7s: 39,630 nodes, 52,985 edges, 35 min
  wrote 29.0 MB (153.6 MB raw, 42.7 MB of it geometry) in 17.6s
  verified in 4.5s: plan hash 2945f8558863f9d8, 10,666,712 points identical
rust-lang-rust: reading 43.6 MB... 339,084 commits in 13.7s
  graph...   threads...   activity...   clock...   layout...   events...   camera...   done
  compiled in 102.4s: 248,298 nodes, 354,672 edges, 35 min
